 ets Jan  8 2013,rst cause:2, boot mode:(3,6)

load 0x40100000, len 7536, room 16 
tail 0
chksum 0xcb
load 0x3ffe8408, len 24, room 8 
tail 0
chksum 0x72
load 0x3ffe8420, len 3468, room 8 
tail 4
chksum 0x1c
csum 0x1c
[0;32mI (44) boot: ESP-IDF v3.4-71-g7085cc76 2nd stage bootloader[0m
[0;32mI (44) boot: compile time 15:40:44[0m
[0;32mI (44) boot: SPI Speed      : 40MHz[0m
[0;32mI (50) boot: SPI Mode       : DOUT[0m
[0;32mI (57) boot: SPI Flash Size : 1MB[0m
[0;32mI (63) boot: Partition Table:[0m
[0;32mI (68) boot: ## Label            Usage          Type ST Offset   Length[0m
[0;32mI (79) boot:  0 nvs              WiFi data        01 02 00009000 00006000[0m
[0;32mI (91) boot:  1 phy_init         RF data          01 01 0000f000 00001000[0m
[0;32mI (102) boot:  2 factory          factory app      00 00 00010000 000f0000[0m
[0;32mI (114) boot: End of partition table[0m
[0;32mI (121) esp_image: segment 0: paddr=0x00010010 vaddr=0x40210010 size=0x1ccb8 (117944) map[0m
[0;32mI (186) esp_image: segment 1: paddr=0x0002ccd0 vaddr=0x4022ccc8 size=0x0718c ( 29068) map[0m
[0;32mI (199) esp_image: segment 2: paddr=0x00033e64 vaddr=0x3ffe8000 size=0x00544 (  1348) load[0m
[0;32mI (200) esp_image: segment 3: paddr=0x000343b0 vaddr=0x40100000 size=0x00080 (   128) load[0m
[0;32mI (211) esp_image: segment 4: paddr=0x00034438 vaddr=0x40100080 size=0x050c0 ( 20672) load[0m
[0;32mI (233) boot: Loaded app from partition at offset 0x10000[0m
Aidan Pinard - 816027279
This is ESP8266 chip with 1 CPU cores, WiFi, silicon revision 1, 1MB external flash
Restarting in 11 seconds...
Restarting in 10 seconds...
Restarting in 9 seconds...
Restarting in 8 seconds...
Restarting in 7 seconds...
Restarting in 6 seconds...
Restarting in 5 seconds...
Restarting in 4 seconds...
Restarting in 3 seconds...
Restarting in 2 seconds...
Restarting in 1 seconds...
Restarting in 0 seconds...
Restarting now.

 ets Jan  8 2013,rst cause:2, boot mode:(3,6)

load 0x40100000, len 7536, room 16 
tail 0
chksum 0xcb
load 0x3ffe8408, len 24, room 8 
tail 0
chksum 0x72
load 0x3ffe8420, len 3468, room 8 
tail 4
chksum 0x1c
csum 0x1c
[0;32mI (82) boot: ESP-IDF v3.4-71-g7085cc76 2nd stage bootloader[0m
[0;32mI (82) boot: compile time 15:40:44[0m
[0;32mI (82) boot: SPI Speed      : 40MHz[0m
[0;32mI (94) boot: SPI Mode       : DOUT[0m
[0;32mI (107) boot: SPI Flash Size : 1MB[0m
[0;32mI (120) boot: Partition Table:[0m
[0;32mI (131) boot: ## Label            Usage          Type ST Offset   Length[0m
[0;32mI (154) boot:  0 nvs              WiFi data        01 02 00009000 00006000[0m
[0;32mI (177) boot:  1 phy_init         RF data          01 01 0000f000 00001000[0m
[0;32mI (200) boot:  2 factory          factory app      00 00 00010000 000f0000[0m
[0;32mI (223) boot: End of partition table[0m
[0;32mI (236) esp_image: segment 0: paddr=0x00010010 vaddr=0x40210010 size=0x1ccb8 (117944) map[0m
[0;32mI (343) esp_image: segment 1: paddr=0x0002ccd0 vaddr=0x4022ccc8 size=0x0718c ( 29068) map[0m
[0;32mI (363) esp_image: segment 2: paddr=0x00033e64 vaddr=0x3ffe8000 size=0x00544 (  1348) load[0m
[0;32mI (365) esp_image: segment 3: paddr=0x000343b0 vaddr=0x40100000 size=0x00080 (   128) load[0m
[0;32mI (393) esp_image: segment 4: paddr=0x00034438 vaddr=0x40100080 size=0x050c0 ( 20672) load[0m
[0;32mI (433) boot: Loaded app from partition at offset 0x10000[0m
Aidan Pinard - 816027279
This is ESP8266 chip with 1 CPU cores, WiFi, silicon revision 1, 1MB external flash
Restarting in 11 seconds...
Restarting in 10 seconds...
Restarting in 9 seconds...
Restarting in 8 seconds...
Restarting in 7 seconds...
Restarting in 6 seconds...
Restarting in 5 seconds...
Restarting in 4 seconds...
Restarting in 3 seconds...
Restarting in 2 seconds...
Restarting in 1 seconds...
Restarting in 0 seconds...
Restarting now.
